114.119.155.0 - - [25/Sep/2022:00:06:43 +0200] "GET /robots.txt HTTP/1.1" 302 230 cercle-amelie-murat.org "-" "Mozilla/5.0 (compatible;PetalBot;+https://webmaster.petalsearch.com/site/petalbot)" "-"
114.119.155.0 - - [25/Sep/2022:00:06:44 +0200] "GET /robots.txt HTTP/1.1" 404 837 www.cercle-amelie-murat.org "-" "Mozilla/5.0 (compatible;PetalBot;+https://webmaster.petalsearch.com/site/petalbot)" "-"
207.46.13.0 - - [25/Sep/2022:01:14:49 +0200] "GET /2012-03-30_trois_poetesses.htm HTTP/1.1" 302 250 www.cercle-amelie-murat.org "-" "Mozilla/5.0 (compatible; bingbot/2.0; +http://www.bing.com/bingbot.htm)" "-"
207.46.13.0 - - [25/Sep/2022:01:14:50 +0200] "GET /2012-03-30_trois_poetesses.htm HTTP/1.1" 200 1945 www.cercle-amelie-murat.org "-" "Mozilla/5.0 AppleWebKit/537.36 (KHTML, like Gecko; compatible; bingbot/2.0; +http://www.bing.com/bingbot.htm) Chrome/103.0.5060.134 Safari/537.36" "-"
207.46.13.0 - - [25/Sep/2022:01:20:17 +0200] "GET /prix2019_lecture_commune_600.jpg HTTP/1.1" 302 252 cercle-amelie-murat.org "-" "Mozilla/5.0 (compatible; bingbot/2.0; +http://www.bing.com/bingbot.htm)" "-"
207.46.13.0 - - [25/Sep/2022:01:20:27 +0200] "GET /prix2019_lecture_commune_600.jpg HTTP/1.1" 200 227751 www.cercle-amelie-murat.org "-" "Mozilla/5.0 AppleWebKit/537.36 (KHTML, like Gecko; compatible; bingbot/2.0; +http://www.bing.com/bingbot.htm) Chrome/103.0.5060.134 Safari/537.36" "-"
157.55.39.0 - - [25/Sep/2022:02:03:47 +0200] "GET /2019prix_murat_claire_600.jpg HTTP/1.1" 200 240489 www.cercle-amelie-murat.org "-" "Mozilla/5.0 (compatible; bingbot/2.0; +http://www.bing.com/bingbot.htm)" "-"
66.249.66.0 - - [25/Sep/2022:02:18:55 +0200] "GET /2013-04-05_ville.htm HTTP/1.1" 200 2432 www.cercle-amelie-murat.org "-" "Mozilla/5.0 (Linux; Android 6.0.1; Nexus 5X Build/MMB29P) AppleWebKit/537.36 (KHTML, like Gecko) Chrome/105.0.5195.125 Mobile Safari/537.36 (compatible; Googlebot/2.1; +http://www.google.com/bot.html)" "-"
207.46.13.0 - - [25/Sep/2022:02:21:36 +0200] "GET /herisson_2016_1.jpg HTTP/1.1" 200 296193 www.cercle-amelie-murat.org "-" "Mozilla/5.0 AppleWebKit/537.36 (KHTML, like Gecko; compatible; bingbot/2.0; +http://www.bing.com/bingbot.htm) Chrome/103.0.5060.134 Safari/537.36" "-"
85.208.98.0 - - [25/Sep/2022:02:27:42 +0200] "GET /robots.txt HTTP/1.1" 302 230 cercle-amelie-murat.org "-" "Mozilla/5.0 (compatible; SemrushBot-BM/1.0; +http://www.semrush.com/bot.html)" "-"
85.208.98.0 - - [25/Sep/2022:02:27:51 +0200] "GET /robots.txt HTTP/1.1" 404 837 www.cercle-amelie-murat.org "-" "Mozilla/5.0 (compatible; SemrushBot-BM/1.0; +http://www.semrush.com/bot.html)" "-"
54.36.148.0 - - [25/Sep/2022:02:28:19 +0200] "GET / HTTP/1.1" 200 3110 www.cercle-amelie-murat.org "-" "Mozilla/5.0 (compatible; AhrefsBot/7.0; +http://ahrefs.com/robot/)" "-"
54.36.148.0 - - [25/Sep/2022:02:28:20 +0200] "GET /poesie_vivante_violet.png HTTP/1.1" 200 11045 www.cercle-amelie-murat.org "-" "Mozilla/5.0 (compatible; AhrefsBot/7.0; +http://ahrefs.com/robot/)" "-"
54.36.149.0 - - [25/Sep/2022:02:28:21 +0200] "GET /image_accueil_cercle_250.jpg HTTP/1.1" 200 104691 www.cercle-amelie-murat.org "-" "Mozilla/5.0 (compatible; AhrefsBot/7.0; +http://ahrefs.com/robot/)" "-"
66.249.66.0 - - [25/Sep/2022:02:30:11 +0200] "GET /textes-murat-stances_main_perdue.htm HTTP/1.1" 302 256 cercle-amelie-murat.org "-" "Mozilla/5.0 (Linux; Android 6.0.1; Nexus 5X Build/MMB29P) AppleWebKit/537.36 (KHTML, like Gecko) Chrome/105.0.5195.125 Mobile Safari/537.36 (compatible; Googlebot/2.1; +http://www.google.com/bot.html)" "-"
66.249.66.0 - - [25/Sep/2022:02:30:36 +0200] "GET /textes-murat-stances_main_perdue.htm HTTP/1.1" 200 3300 www.cercle-amelie-murat.org "-" "Mozilla/5.0 (Linux; Android 6.0.1; Nexus 5X Build/MMB29P) AppleWebKit/537.36 (KHTML, like Gecko) Chrome/105.0.5195.125 Mobile Safari/537.36 (compatible; Googlebot/2.1; +http://www.google.com/bot.html)" "-"
216.24.213.0 - - [25/Sep/2022:02:41:04 +0200] "HEAD / HTTP/1.1" 200 - www.cercle-amelie-murat.org "https://www.cercle-amelie-murat.org" "Mozilla/5.0 (Windows NT 10.0; Win64; x64) AppleWebKit/537.36 (KHTML, like Gecko) Chrome/96.0.4664.45 Safari/537.36" "-"
216.24.213.0 - - [25/Sep/2022:02:41:04 +0200] "GET / HTTP/1.1" 200 3110 www.cercle-amelie-murat.org "https://www.cercle-amelie-murat.org" "Mozilla/5.0 (Windows NT 10.0; Win64; x64) AppleWebKit/537.36 (KHTML, like Gecko) Chrome/96.0.4664.45 Safari/537.36" "-"
176.31.92.0 - - [25/Sep/2022:02:43:59 +0200] "GET / HTTP/1.1" 302 220 cercle-amelie-murat.org "-" "Mozilla/5.0 (Windows NT 10.0; Win64; x64) AppleWebKit/537.36 (KHTML, like Gecko) Chrome/78.0.3904.108 Safari/537.36" "-"
176.31.92.0 - - [25/Sep/2022:02:44:00 +0200] "GET / HTTP/1.1" 200 3110 www.cercle-amelie-murat.org "-" "Mozilla/5.0 (Windows NT 10.0; Win64; x64) AppleWebKit/537.36 (KHTML, like Gecko) Chrome/78.0.3904.108 Safari/537.36" "-"
176.31.92.0 - - [25/Sep/2022:02:44:00 +0200] "GET //wp-includes/wlwmanifest.xml HTTP/1.1" 404 837 www.cercle-amelie-murat.org "-" "Mozilla/5.0 (Windows NT 10.0; Win64; x64) AppleWebKit/537.36 (KHTML, like Gecko) Chrome/78.0.3904.108 Safari/537.36" "-"
176.31.92.0 - - [25/Sep/2022:02:44:00 +0200] "GET //xmlrpc.php?rsd HTTP/1.1" 404 837 www.cercle-amelie-murat.org "-" "Mozilla/5.0 (Windows NT 10.0; Win64; x64) AppleWebKit/537.36 (KHTML, like Gecko) Chrome/78.0.3904.108 Safari/537.36" "-"
176.31.92.0 - - [25/Sep/2022:02:44:00 +0200] "GET / HTTP/1.1" 200 3110 www.cercle-amelie-murat.org "-" "Mozilla/5.0 (Windows NT 10.0; Win64; x64) AppleWebKit/537.36 (KHTML, like Gecko) Chrome/78.0.3904.108 Safari/537.36" "-"
176.31.92.0 - - [25/Sep/2022:02:44:01 +0200] "GET //blog/wp-includes/wlwmanifest.xml HTTP/1.1" 404 837 www.cercle-amelie-murat.org "-" "Mozilla/5.0 (Windows NT 10.0; Win64; x64) AppleWebKit/537.36 (KHTML, like Gecko) Chrome/78.0.3904.108 Safari/537.36" "-"
176.31.92.0 - - [25/Sep/2022:02:44:01 +0200] "GET //web/wp-includes/wlwmanifest.xml HTTP/1.1" 404 837 www.cercle-amelie-murat.org "-" "Mozilla/5.0 (Windows NT 10.0; Win64; x64) AppleWebKit/537.36 (KHTML, like Gecko) Chrome/78.0.3904.108 Safari/537.36" "-"
176.31.92.0 - - [25/Sep/2022:02:44:01 +0200] "GET //wordpress/wp-includes/wlwmanifest.xml HTTP/1.1" 404 837 www.cercle-amelie-murat.org "-" "Mozilla/5.0 (Windows NT 10.0; Win64; x64) AppleWebKit/537.36 (KHTML, like Gecko) Chrome/78.0.3904.108 Safari/537.36" "-"
176.31.92.0 - - [25/Sep/2022:02:44:01 +0200] "GET //website/wp-includes/wlwmanifest.xml HTTP/1.1" 404 837 www.cercle-amelie-murat.org "-" "Mozilla/5.0 (Windows NT 10.0; Win64; x64) AppleWebKit/537.36 (KHTML, like Gecko) Chrome/78.0.3904.108 Safari/537.36" "-"
176.31.92.0 - - [25/Sep/2022:02:44:01 +0200] "GET //wp/wp-includes/wlwmanifest.xml HTTP/1.1" 404 837 www.cercle-amelie-murat.org "-" "Mozilla/5.0 (Windows NT 10.0; Win64; x64) AppleWebKit/537.36 (KHTML, like Gecko) Chrome/78.0.3904.108 Safari/537.36" "-"
176.31.92.0 - - [25/Sep/2022:02:44:01 +0200] "GET //news/wp-includes/wlwmanifest.xml HTTP/1.1" 404 837 www.cercle-amelie-murat.org "-" "Mozilla/5.0 (Windows NT 10.0; Win64; x64) AppleWebKit/537.36 (KHTML, like Gecko) Chrome/78.0.3904.108 Safari/537.36" "-"
176.31.92.0 - - [25/Sep/2022:02:44:01 +0200] "GET //2018/wp-includes/wlwmanifest.xml HTTP/1.1" 404 837 www.cercle-amelie-murat.org "-" "Mozilla/5.0 (Windows NT 10.0; Win64; x64) AppleWebKit/537.36 (KHTML, like Gecko) Chrome/78.0.3904.108 Safari/537.36" "-"
176.31.92.0 - - [25/Sep/2022:02:44:01 +0200] "GET //2019/wp-includes/wlwmanifest.xml HTTP/1.1" 404 837 www.cercle-amelie-murat.org "-" "Mozilla/5.0 (Windows NT 10.0; Win64; x64) AppleWebKit/537.36 (KHTML, like Gecko) Chrome/78.0.3904.108 Safari/537.36" "-"
176.31.92.0 - - [25/Sep/2022:02:44:02 +0200] "GET //shop/wp-includes/wlwmanifest.xml HTTP/1.1" 404 837 www.cercle-amelie-murat.org "-" "Mozilla/5.0 (Windows NT 10.0; Win64; x64) AppleWebKit/537.36 (KHTML, like Gecko) Chrome/78.0.3904.108 Safari/537.36" "-"
176.31.92.0 - - [25/Sep/2022:02:44:02 +0200] "GET //wp1/wp-includes/wlwmanifest.xml HTTP/1.1" 404 837 www.cercle-amelie-murat.org "-" "Mozilla/5.0 (Windows NT 10.0; Win64; x64) AppleWebKit/537.36 (KHTML, like Gecko) Chrome/78.0.3904.108 Safari/537.36" "-"
176.31.92.0 - - [25/Sep/2022:02:44:02 +0200] "GET //test/wp-includes/wlwmanifest.xml HTTP/1.1" 404 837 www.cercle-amelie-murat.org "-" "Mozilla/5.0 (Windows NT 10.0; Win64; x64) AppleWebKit/537.36 (KHTML, like Gecko) Chrome/78.0.3904.108 Safari/537.36" "-"
176.31.92.0 - - [25/Sep/2022:02:44:02 +0200] "GET //media/wp-includes/wlwmanifest.xml HTTP/1.1" 404 837 www.cercle-amelie-murat.org "-" "Mozilla/5.0 (Windows NT 10.0; Win64; x64) AppleWebKit/537.36 (KHTML, like Gecko) Chrome/78.0.3904.108 Safari/537.36" "-"
176.31.92.0 - - [25/Sep/2022:02:44:02 +0200] "GET //wp2/wp-includes/wlwmanifest.xml HTTP/1.1" 404 837 www.cercle-amelie-murat.org "-" "Mozilla/5.0 (Windows NT 10.0; Win64; x64) AppleWebKit/537.36 (KHTML, like Gecko) Chrome/78.0.3904.108 Safari/537.36" "-"
176.31.92.0 - - [25/Sep/2022:02:44:02 +0200] "GET //site/wp-includes/wlwmanifest.xml HTTP/1.1" 404 837 www.cercle-amelie-murat.org "-" "Mozilla/5.0 (Windows NT 10.0; Win64; x64) AppleWebKit/537.36 (KHTML, like Gecko) Chrome/78.0.3904.108 Safari/537.36" "-"
176.31.92.0 - - [25/Sep/2022:02:44:02 +0200] "GET //cms/wp-includes/wlwmanifest.xml HTTP/1.1" 404 837 www.cercle-amelie-murat.org "-" "Mozilla/5.0 (Windows NT 10.0; Win64; x64) AppleWebKit/537.36 (KHTML, like Gecko) Chrome/78.0.3904.108 Safari/537.36" "-"
176.31.92.0 - - [25/Sep/2022:02:44:02 +0200] "GET //sito/wp-includes/wlwmanifest.xml HTTP/1.1" 404 837 www.cercle-amelie-murat.org "-" "Mozilla/5.0 (Windows NT 10.0; Win64; x64) AppleWebKit/537.36 (KHTML, like Gecko) Chrome/78.0.3904.108 Safari/537.36" "-"
85.192.63.0 - - [25/Sep/2022:02:50:43 +0200] "GET / HTTP/1.1" 302 220 www.cercle-amelie-murat.org "https://saunanovosibirsk.ru/" "Mozilla/4.0 (compatible; MSIE 6.0; Windows NT 5.1; ru) Opera 8.01" "-"
85.192.63.0 - - [25/Sep/2022:02:50:43 +0200] "GET / HTTP/1.1" 302 220 www.cercle-amelie-murat.org "https://saunanovosibirsk.ru/" "Mozilla/4.0 (compatible; MSIE 6.0; Windows NT 5.1; ru) Opera 8.01" "-"
85.192.63.0 - - [25/Sep/2022:02:50:43 +0200] "GET / HTTP/1.1" 302 220 www.cercle-amelie-murat.org "https://saunanovosibirsk.ru/" "Mozilla/4.0 (compatible; MSIE 6.0; Windows NT 5.1; ru) Opera 8.01" "-"
87.250.224.0 - - [25/Sep/2022:02:55:06 +0200] "GET /robots.txt HTTP/1.1" 404 837 www.cercle-amelie-murat.org "-" "Mozilla/5.0 (compatible; YandexBot/3.0; +http://yandex.com/bots)" "-"
5.255.231.0 - - [25/Sep/2022:02:55:10 +0200] "GET /2018_prix_murat.htm HTTP/1.1" 200 1872 www.cercle-amelie-murat.org "-" "Mozilla/5.0 (compatible; YandexBot/3.0; +http://yandex.com/bots)" "-"
157.55.39.0 - - [25/Sep/2022:02:55:12 +0200] "GET /2019-03-08_roger.jpg HTTP/1.1" 302 240 www.cercle-amelie-murat.org "-" "Mozilla/5.0 (compatible; bingbot/2.0; +http://www.bing.com/bingbot.htm)" "-"
157.55.39.0 - - [25/Sep/2022:02:55:13 +0200] "GET /2019-03-08_roger.jpg HTTP/1.1" 200 178047 www.cercle-amelie-murat.org "-" "Mozilla/5.0 AppleWebKit/537.36 (KHTML, like Gecko; compatible; bingbot/2.0; +http://www.bing.com/bingbot.htm) Chrome/103.0.5060.134 Safari/537.36" "-"
87.250.224.0 - - [25/Sep/2022:02:57:00 +0200] "GET /2018_prix_murat.htm HTTP/1.1" 200 1872 www.cercle-amelie-murat.org "-" "Mozilla/5.0 (compatible; YandexBot/3.0; +http://yandex.com/bots)" "-"
173.252.83.0 - - [25/Sep/2022:03:06:23 +0200] "GET /2009-01-05-02.jpg HTTP/1.1" 200 57229 www.cercle-amelie-murat.org "-" "facebookexternalhit/1.1 (+http://www.facebook.com/externalhit_uatext.php)" "-"
157.55.39.0 - - [25/Sep/2022:03:13:14 +0200] "GET /2014-02-02_issoire_4.jpg HTTP/1.1" 200 36426 www.cercle-amelie-murat.org "-" "Mozilla/5.0 (compatible; bingbot/2.0; +http://www.bing.com/bingbot.htm)" "-"
207.46.13.0 - - [25/Sep/2022:03:14:40 +0200] "GET /maison_natale.jpg HTTP/1.1" 200 77784 www.cercle-amelie-murat.org "-" "Mozilla/5.0 (compatible; bingbot/2.0; +http://www.bing.com/bingbot.htm)" "-"
157.55.39.0 - - [25/Sep/2022:03:20:19 +0200] "GET /sommaire_murat.htm HTTP/1.1" 302 238 www.cercle-amelie-murat.org "-" "Mozilla/5.0 (compatible; bingbot/2.0; +http://www.bing.com/bingbot.htm)" "-"
157.55.39.0 - - [25/Sep/2022:03:20:20 +0200] "GET /sommaire_murat.htm HTTP/1.1" 200 1733 www.cercle-amelie-murat.org "-" "Mozilla/5.0 (compatible; bingbot/2.0; +http://www.bing.com/bingbot.htm)" "-"
173.252.83.0 - - [25/Sep/2022:03:21:25 +0200] "GET /2013-04-05_ville_5.jpg HTTP/1.1" 200 143341 www.cercle-amelie-murat.org "-" "facebookexternalhit/1.1 (+http://www.facebook.com/externalhit_uatext.php)" "-"
85.25.93.0 - - [25/Sep/2022:03:33:58 +0200] "GET / HTTP/1.1" 302 220 cercle-amelie-murat.org "-" "Mozilla/5.0 (compatible; seocompany/0.6; +; )" "-"
85.25.93.0 - - [25/Sep/2022:03:33:58 +0200] "GET / HTTP/1.1" 200 3110 www.cercle-amelie-murat.org "-" "Mozilla/5.0 (compatible; seocompany/0.6; +; )" "-"
85.25.93.0 - - [25/Sep/2022:03:33:59 +0200] "GET / HTTP/1.1" 302 220 cercle-amelie-murat.org "-" "Mozilla/5.0 (Macintosh; Intel Mac OS X 10.15; rv:103.0) Gecko/20100101 Firefox/103.0" "-"
87.250.224.0 - - [25/Sep/2022:03:35:35 +0200] "GET /textes-murat-passion.htm HTTP/1.1" 200 1848 www.cercle-amelie-murat.org "-" "Mozilla/5.0 (compatible; YandexBot/3.0; +http://yandex.com/bots)" "-"
54.36.148.0 - - [25/Sep/2022:03:50:34 +0200] "GET /textes-murat-berceuse.htm HTTP/1.1" 200 3941 www.cercle-amelie-murat.org "-" "Mozilla/5.0 (compatible; AhrefsBot/7.0; +http://ahrefs.com/robot/)" "-"
194.38.20.0 - - [25/Sep/2022:03:58:31 +0200] "GET /wp-content/themes/Famous/megaframe/megapanel/inc/functions.php HTTP/1.1" 302 282 cercle-amelie-murat.org "-" "ALittle Client" "-"
194.38.20.0 - - [25/Sep/2022:03:59:02 +0200] "GET /wp-content/themes/Famous/megaframe/megapanel/inc/functions.php HTTP/1.1" 404 837 www.cercle-amelie-murat.org "-" "ALittle Client" "-"
54.36.148.0 - - [25/Sep/2022:04:43:57 +0200] "GET /textes-murat-celle-va.htm HTTP/1.1" 200 2399 www.cercle-amelie-murat.org "-" "Mozilla/5.0 (compatible; AhrefsBot/7.0; +http://ahrefs.com/robot/)" "-"
64.71.131.0 - - [25/Sep/2022:04:47:09 +0200] "GET / HTTP/1.1" 200 3110 cercle-amelie-murat.org "-" "Mozilla/5.0 (compatible; ev-crawler/1.0; +https://headline.com/legal/crawler)" "-"
61.135.159.0 - - [25/Sep/2022:04:48:53 +0200] "GET / HTTP/1.1" 302 220 cercle-amelie-murat.org "-" "Sogou web spider/4.0(+http://www.sogou.com/docs/help/webmasters.htm#07)" "-"
207.46.13.0 - - [25/Sep/2022:04:54:07 +0200] "GET /textes-murat-pense_vous.htm HTTP/1.1" 304 - www.cercle-amelie-murat.org "-" "Mozilla/5.0 (compatible; bingbot/2.0; +http://www.bing.com/bingbot.htm)" "-"
61.135.159.0 - - [25/Sep/2022:04:56:41 +0200] "GET / HTTP/1.1" 200 3110 www.cercle-amelie-murat.org "-" "Sogou web spider/4.0(+http://www.sogou.com/docs/help/webmasters.htm#07)" "-"
123.125.109.0 - - [25/Sep/2022:04:58:14 +0200] "GET / HTTP/1.1" 302 220 www.cercle-amelie-murat.org "-" "Sogou web spider/4.0(+http://www.sogou.com/docs/help/webmasters.htm#07)" "-"
123.125.109.0 - - [25/Sep/2022:04:59:39 +0200] "GET / HTTP/1.1" 200 3110 www.cercle-amelie-murat.org "-" "Sogou web spider/4.0(+http://www.sogou.com/docs/help/webmasters.htm#07)" "-"
66.249.66.0 - - [25/Sep/2022:04:59:59 +0200] "GET /robots.txt HTTP/1.1" 404 837 www.cercle-amelie-murat.org "-" "Mozilla/5.0 (compatible; Googlebot/2.1; +http://www.google.com/bot.html)" "-"
66.249.66.0 - - [25/Sep/2022:05:02:21 +0200] "GET /aujourdhui.htm HTTP/1.1" 304 - www.cercle-amelie-murat.org "-" "Mozilla/5.0 (Linux; Android 6.0.1; Nexus 5X Build/MMB29P) AppleWebKit/537.36 (KHTML, like Gecko) Chrome/105.0.5195.125 Mobile Safari/537.36 (compatible; Googlebot/2.1; +http://www.google.com/bot.html)" "-"
114.119.136.0 - - [25/Sep/2022:05:29:32 +0200] "GET /robots.txt HTTP/1.1" 404 837 cercle-amelie-murat.org "-" "Mozilla/5.0 (compatible;PetalBot;+https://webmaster.petalsearch.com/site/petalbot)" "-"
207.46.13.0 - - [25/Sep/2022:05:48:24 +0200] "GET /2012-05-15_londres1.jpg HTTP/1.1" 302 243 www.cercle-amelie-murat.org "-" "Mozilla/5.0 (compatible; bingbot/2.0; +http://www.bing.com/bingbot.htm)" "-"
207.46.13.0 - - [25/Sep/2022:05:48:25 +0200] "GET /2012-05-15_londres1.jpg HTTP/1.1" 200 159596 www.cercle-amelie-murat.org "-" "Mozilla/5.0 (compatible; bingbot/2.0; +http://www.bing.com/bingbot.htm)" "-"
164.68.106.0 - - [25/Sep/2022:06:07:59 +0200] "HEAD /wordpress HTTP/1.1" 302 - www.cercle-amelie-murat.org "-" "Mozilla/5.0 (Windows NT 10.0; Win64; x64) AppleWebKit/537.36 (KHTML, like Gecko) Chrome/74.0.3729.169 Safari/537.36" "-"
164.68.106.0 - - [25/Sep/2022:06:07:59 +0200] "HEAD /wordpress HTTP/1.1" 302 - www.cercle-amelie-murat.org "-" "Mozilla/5.0 (Windows NT 10.0; Win64; x64) AppleWebKit/537.36 (KHTML, like Gecko) Chrome/74.0.3729.169 Safari/537.36" "-"
164.68.106.0 - - [25/Sep/2022:06:08:00 +0200] "HEAD /wordpress HTTP/1.1" 404 - www.cercle-amelie-murat.org "http://www.cercle-amelie-murat.org/wordpress" "Mozilla/5.0 (Windows NT 10.0; Win64; x64) AppleWebKit/537.36 (KHTML, like Gecko) Chrome/74.0.3729.169 Safari/537.36" "-"
164.68.106.0 - - [25/Sep/2022:06:08:00 +0200] "HEAD /wordpress HTTP/1.1" 404 - www.cercle-amelie-murat.org "http://www.cercle-amelie-murat.org/wordpress" "Mozilla/5.0 (Windows NT 10.0; Win64; x64) AppleWebKit/537.36 (KHTML, like Gecko) Chrome/74.0.3729.169 Safari/537.36" "-"
164.68.106.0 - - [25/Sep/2022:06:08:00 +0200] "HEAD / HTTP/1.1" 302 - www.cercle-amelie-murat.org "-" "Mozilla/5.0 (Windows NT 10.0; Win64; x64) AppleWebKit/537.36 (KHTML, like Gecko) Chrome/74.0.3729.169 Safari/537.36" "-"
164.68.106.0 - - [25/Sep/2022:06:08:00 +0200] "HEAD / HTTP/1.1" 302 - www.cercle-amelie-murat.org "-" "Mozilla/5.0 (Windows NT 10.0; Win64; x64) AppleWebKit/537.36 (KHTML, like Gecko) Chrome/74.0.3729.169 Safari/537.36" "-"
164.68.106.0 - - [25/Sep/2022:06:08:00 +0200] "HEAD / HTTP/1.1" 200 - www.cercle-amelie-murat.org "http://www.cercle-amelie-murat.org/" "Mozilla/5.0 (Windows NT 10.0; Win64; x64) AppleWebKit/537.36 (KHTML, like Gecko) Chrome/74.0.3729.169 Safari/537.36" "-"
164.68.106.0 - - [25/Sep/2022:06:08:00 +0200] "HEAD / HTTP/1.1" 200 - www.cercle-amelie-murat.org "http://www.cercle-amelie-murat.org/" "Mozilla/5.0 (Windows NT 10.0; Win64; x64) AppleWebKit/537.36 (KHTML, like Gecko) Chrome/74.0.3729.169 Safari/537.36" "-"
164.68.106.0 - - [25/Sep/2022:06:08:00 +0200] "HEAD /wp HTTP/1.1" 302 - www.cercle-amelie-murat.org "-" "Mozilla/5.0 (Windows NT 10.0; Win64; x64) AppleWebKit/537.36 (KHTML, like Gecko) Chrome/74.0.3729.169 Safari/537.36" "-"
164.68.106.0 - - [25/Sep/2022:06:08:00 +0200] "HEAD /wp HTTP/1.1" 302 - www.cercle-amelie-murat.org "-" "Mozilla/5.0 (Windows NT 10.0; Win64; x64) AppleWebKit/537.36 (KHTML, like Gecko) Chrome/74.0.3729.169 Safari/537.36" "-"
164.68.106.0 - - [25/Sep/2022:06:08:01 +0200] "HEAD /wp HTTP/1.1" 404 - www.cercle-amelie-murat.org "http://www.cercle-amelie-murat.org/wp" "Mozilla/5.0 (Windows NT 10.0; Win64; x64) AppleWebKit/537.36 (KHTML, like Gecko) Chrome/74.0.3729.169 Safari/537.36" "-"
164.68.106.0 - - [25/Sep/2022:06:08:01 +0200] "HEAD /wp HTTP/1.1" 404 - www.cercle-amelie-murat.org "http://www.cercle-amelie-murat.org/wp" "Mozilla/5.0 (Windows NT 10.0; Win64; x64) AppleWebKit/537.36 (KHTML, like Gecko) Chrome/74.0.3729.169 Safari/537.36" "-"
164.68.106.0 - - [25/Sep/2022:06:08:01 +0200] "HEAD /bc HTTP/1.1" 302 - www.cercle-amelie-murat.org "-" "Mozilla/5.0 (Windows NT 10.0; Win64; x64) AppleWebKit/537.36 (KHTML, like Gecko) Chrome/74.0.3729.169 Safari/537.36" "-"
164.68.106.0 - - [25/Sep/2022:06:08:01 +0200] "HEAD /bc HTTP/1.1" 302 - www.cercle-amelie-murat.org "-" "Mozilla/5.0 (Windows NT 10.0; Win64; x64) AppleWebKit/537.36 (KHTML, like Gecko) Chrome/74.0.3729.169 Safari/537.36" "-"
164.68.106.0 - - [25/Sep/2022:06:08:01 +0200] "HEAD /bc HTTP/1.1" 404 - www.cercle-amelie-murat.org "http://www.cercle-amelie-murat.org/bc" "Mozilla/5.0 (Windows NT 10.0; Win64; x64) AppleWebKit/537.36 (KHTML, like Gecko) Chrome/74.0.3729.169 Safari/537.36" "-"
164.68.106.0 - - [25/Sep/2022:06:08:01 +0200] "HEAD /bc HTTP/1.1" 404 - www.cercle-amelie-murat.org "http://www.cercle-amelie-murat.org/bc" "Mozilla/5.0 (Windows NT 10.0; Win64; x64) AppleWebKit/537.36 (KHTML, like Gecko) Chrome/74.0.3729.169 Safari/537.36" "-"
164.68.106.0 - - [25/Sep/2022:06:08:01 +0200] "HEAD /bk HTTP/1.1" 302 - www.cercle-amelie-murat.org "-" "Mozilla/5.0 (Windows NT 10.0; Win64; x64) AppleWebKit/537.36 (KHTML, like Gecko) Chrome/74.0.3729.169 Safari/537.36" "-"
164.68.106.0 - - [25/Sep/2022:06:08:01 +0200] "HEAD /bk HTTP/1.1" 302 - www.cercle-amelie-murat.org "-" "Mozilla/5.0 (Windows NT 10.0; Win64; x64) AppleWebKit/537.36 (KHTML, like Gecko) Chrome/74.0.3729.169 Safari/537.36" "-"
164.68.106.0 - - [25/Sep/2022:06:08:01 +0200] "HEAD /bk HTTP/1.1" 404 - www.cercle-amelie-murat.org "http://www.cercle-amelie-murat.org/bk" "Mozilla/5.0 (Windows NT 10.0; Win64; x64) AppleWebKit/537.36 (KHTML, like Gecko) Chrome/74.0.3729.169 Safari/537.36" "-"
164.68.106.0 - - [25/Sep/2022:06:08:01 +0200] "HEAD /bk HTTP/1.1" 404 - www.cercle-amelie-murat.org "http://www.cercle-amelie-murat.org/bk" "Mozilla/5.0 (Windows NT 10.0; Win64; x64) AppleWebKit/537.36 (KHTML, like Gecko) Chrome/74.0.3729.169 Safari/537.36" "-"
164.68.106.0 - - [25/Sep/2022:06:08:02 +0200] "HEAD /backup HTTP/1.1" 302 - www.cercle-amelie-murat.org "-" "Mozilla/5.0 (Windows NT 10.0; Win64; x64) AppleWebKit/537.36 (KHTML, like Gecko) Chrome/74.0.3729.169 Safari/537.36" "-"
164.68.106.0 - - [25/Sep/2022:06:08:02 +0200] "HEAD /backup HTTP/1.1" 302 - www.cercle-amelie-murat.org "-" "Mozilla/5.0 (Windows NT 10.0; Win64; x64) AppleWebKit/537.36 (KHTML, like Gecko) Chrome/74.0.3729.169 Safari/537.36" "-"
164.68.106.0 - - [25/Sep/2022:06:08:02 +0200] "HEAD /backup HTTP/1.1" 404 - www.cercle-amelie-murat.org "http://www.cercle-amelie-murat.org/backup" "Mozilla/5.0 (Windows NT 10.0; Win64; x64) AppleWebKit/537.36 (KHTML, like Gecko) Chrome/74.0.3729.169 Safari/537.36" "-"
164.68.106.0 - - [25/Sep/2022:06:08:02 +0200] "HEAD /backup HTTP/1.1" 404 - www.cercle-amelie-murat.org "http://www.cercle-amelie-murat.org/backup" "Mozilla/5.0 (Windows NT 10.0; Win64; x64) AppleWebKit/537.36 (KHTML, like Gecko) Chrome/74.0.3729.169 Safari/537.36" "-"
164.68.106.0 - - [25/Sep/2022:06:08:02 +0200] "HEAD /old HTTP/1.1" 302 - www.cercle-amelie-murat.org "-" "Mozilla/5.0 (Windows NT 10.0; Win64; x64) AppleWebKit/537.36 (KHTML, like Gecko) Chrome/74.0.3729.169 Safari/537.36" "-"
164.68.106.0 - - [25/Sep/2022:06:08:02 +0200] "HEAD /old HTTP/1.1" 302 - www.cercle-amelie-murat.org "-" "Mozilla/5.0 (Windows NT 10.0; Win64; x64) AppleWebKit/537.36 (KHTML, like Gecko) Chrome/74.0.3729.169 Safari/537.36" "-"
164.68.106.0 - - [25/Sep/2022:06:08:02 +0200] "HEAD /old HTTP/1.1" 404 - www.cercle-amelie-murat.org "http://www.cercle-amelie-murat.org/old" "Mozilla/5.0 (Windows NT 10.0; Win64; x64) AppleWebKit/537.36 (KHTML, like Gecko) Chrome/74.0.3729.169 Safari/537.36" "-"
164.68.106.0 - - [25/Sep/2022:06:08:02 +0200] "HEAD /old HTTP/1.1" 404 - www.cercle-amelie-murat.org "http://www.cercle-amelie-murat.org/old" "Mozilla/5.0 (Windows NT 10.0; Win64; x64) AppleWebKit/537.36 (KHTML, like Gecko) Chrome/74.0.3729.169 Safari/537.36" "-"
164.68.106.0 - - [25/Sep/2022:06:08:02 +0200] "HEAD /new HTTP/1.1" 302 - www.cercle-amelie-murat.org "-" "Mozilla/5.0 (Windows NT 10.0; Win64; x64) AppleWebKit/537.36 (KHTML, like Gecko) Chrome/74.0.3729.169 Safari/537.36" "-"
164.68.106.0 - - [25/Sep/2022:06:08:03 +0200] "HEAD /new HTTP/1.1" 302 - www.cercle-amelie-murat.org "-" "Mozilla/5.0 (Windows NT 10.0; Win64; x64) AppleWebKit/537.36 (KHTML, like Gecko) Chrome/74.0.3729.169 Safari/537.36" "-"
164.68.106.0 - - [25/Sep/2022:06:08:03 +0200] "HEAD /new HTTP/1.1" 404 - www.cercle-amelie-murat.org "http://www.cercle-amelie-murat.org/new" "Mozilla/5.0 (Windows NT 10.0; Win64; x64) AppleWebKit/537.36 (KHTML, like Gecko) Chrome/74.0.3729.169 Safari/537.36" "-"
164.68.106.0 - - [25/Sep/2022:06:08:03 +0200] "HEAD /new HTTP/1.1" 404 - www.cercle-amelie-murat.org "http://www.cercle-amelie-murat.org/new" "Mozilla/5.0 (Windows NT 10.0; Win64; x64) AppleWebKit/537.36 (KHTML, like Gecko) Chrome/74.0.3729.169 Safari/537.36" "-"
164.68.106.0 - - [25/Sep/2022:06:08:03 +0200] "HEAD /main HTTP/1.1" 302 - www.cercle-amelie-murat.org "-" "Mozilla/5.0 (Windows NT 10.0; Win64; x64) AppleWebKit/537.36 (KHTML, like Gecko) Chrome/74.0.3729.169 Safari/537.36" "-"
164.68.106.0 - - [25/Sep/2022:06:08:03 +0200] "HEAD /main HTTP/1.1" 302 - www.cercle-amelie-murat.org "-" "Mozilla/5.0 (Windows NT 10.0; Win64; x64) AppleWebKit/537.36 (KHTML, like Gecko) Chrome/74.0.3729.169 Safari/537.36" "-"
164.68.106.0 - - [25/Sep/2022:06:08:03 +0200] "HEAD /main HTTP/1.1" 404 - www.cercle-amelie-murat.org "http://www.cercle-amelie-murat.org/main" "Mozilla/5.0 (Windows NT 10.0; Win64; x64) AppleWebKit/537.36 (KHTML, like Gecko) Chrome/74.0.3729.169 Safari/537.36" "-"
164.68.106.0 - - [25/Sep/2022:06:08:03 +0200] "HEAD /main HTTP/1.1" 404 - www.cercle-amelie-murat.org "http://www.cercle-amelie-murat.org/main" "Mozilla/5.0 (Windows NT 10.0; Win64; x64) AppleWebKit/537.36 (KHTML, like Gecko) Chrome/74.0.3729.169 Safari/537.36" "-"
164.68.106.0 - - [25/Sep/2022:06:08:03 +0200] "HEAD /home HTTP/1.1" 302 - www.cercle-amelie-murat.org "-" "Mozilla/5.0 (Windows NT 10.0; Win64; x64) AppleWebKit/537.36 (KHTML, like Gecko) Chrome/74.0.3729.169 Safari/537.36" "-"
164.68.106.0 - - [25/Sep/2022:06:08:03 +0200] "HEAD /home HTTP/1.1" 302 - www.cercle-amelie-murat.org "-" "Mozilla/5.0 (Windows NT 10.0; Win64; x64) AppleWebKit/537.36 (KHTML, like Gecko) Chrome/74.0.3729.169 Safari/537.36" "-"
164.68.106.0 - - [25/Sep/2022:06:08:03 +0200] "HEAD /home HTTP/1.1" 404 - www.cercle-amelie-murat.org "http://www.cercle-amelie-murat.org/home" "Mozilla/5.0 (Windows NT 10.0; Win64; x64) AppleWebKit/537.36 (KHTML, like Gecko) Chrome/74.0.3729.169 Safari/537.36" "-"
164.68.106.0 - - [25/Sep/2022:06:08:04 +0200] "HEAD /home HTTP/1.1" 404 - www.cercle-amelie-murat.org "http://www.cercle-amelie-murat.org/home" "Mozilla/5.0 (Windows NT 10.0; Win64; x64) AppleWebKit/537.36 (KHTML, like Gecko) Chrome/74.0.3729.169 Safari/537.36" "-"
173.252.83.0 - - [25/Sep/2022:06:31:27 +0200] "GET /2019-03-08_claire.jpg HTTP/1.1" 200 180554 www.cercle-amelie-murat.org "-" "facebookexternalhit/1.1 (+http://www.facebook.com/externalhit_uatext.php)" "-"
37.167.79.0 - - [25/Sep/2022:06:39:07 +0200] "GET /sommaire_murat.htm HTTP/1.1" 200 1733 www.cercle-amelie-murat.org "-" "Mozilla/5.0 (Macintosh; Intel Mac OS X 10_15_4) AppleWebKit/605.1.15 (KHTML, like Gecko) Version/13.1 Safari/605.1.15" "-"
37.167.79.0 - - [25/Sep/2022:06:39:07 +0200] "GET /manifestations.htm HTTP/1.1" 200 6839 www.cercle-amelie-murat.org "-" "Mozilla/5.0 (Macintosh; Intel Mac OS X 10_15_4) AppleWebKit/605.1.15 (KHTML, like Gecko) Version/13.1 Safari/605.1.15" "-"
37.167.79.0 - - [25/Sep/2022:06:39:07 +0200] "GET / HTTP/1.1" 200 3110 www.cercle-amelie-murat.org "-" "Mozilla/5.0 (Macintosh; Intel Mac OS X 10_15_4) AppleWebKit/605.1.15 (KHTML, like Gecko) Version/13.1 Safari/605.1.15" "-"
37.167.79.0 - - [25/Sep/2022:06:39:07 +0200] "GET /biographie.htm HTTP/1.1" 200 4566 www.cercle-amelie-murat.org "-" "Mozilla/5.0 (Macintosh; Intel Mac OS X 10_15_4) AppleWebKit/605.1.15 (KHTML, like Gecko) Version/13.1 Safari/605.1.15" "-"
37.167.79.0 - - [25/Sep/2022:06:39:07 +0200] "GET /contact.htm HTTP/1.1" 200 1179 www.cercle-amelie-murat.org "-" "Mozilla/5.0 (Macintosh; Intel Mac OS X 10_15_4) AppleWebKit/605.1.15 (KHTML, like Gecko) Version/13.1 Safari/605.1.15" "-"
37.167.79.0 - - [25/Sep/2022:06:39:07 +0200] "GET /favicon.ico HTTP/1.1" 404 837 www.cercle-amelie-murat.org "-" "Client/18490 CFNetwork/1335.0.3 Darwin/21.6.0" "-"
37.167.79.0 - - [25/Sep/2022:06:39:18 +0200] "GET /gestion.php?mdp=%40murat HTTP/1.1" 200 2041 www.cercle-amelie-murat.org "-" "Mozilla/5.0 (Macintosh; Intel Mac OS X 10_15_4) AppleWebKit/605.1.15 (KHTML, like Gecko) Version/13.1 Safari/605.1.15" "-"
37.167.79.0 - - [25/Sep/2022:06:39:19 +0200] "GET /favicon.ico HTTP/1.1" 404 837 www.cercle-amelie-murat.org "-" "Client/18490 CFNetwork/1335.0.3 Darwin/21.6.0" "-"
37.167.79.0 - - [25/Sep/2022:06:39:24 +0200] "GET /favicon.ico HTTP/1.1" 404 837 cercle-amelie-murat.org "-" "Client/18490 CFNetwork/1335.0.3 Darwin/21.6.0" "-"
37.167.79.0 - - [25/Sep/2022:06:39:54 +0200] "GET /mail_tous1.php?mdp=@murat HTTP/1.1" 200 585 www.cercle-amelie-murat.org "-" "Mozilla/5.0 (Macintosh; Intel Mac OS X 10_15_4) AppleWebKit/605.1.15 (KHTML, like Gecko) Version/13.1 Safari/605.1.15" "-"
37.167.79.0 - - [25/Sep/2022:06:39:54 +0200] "GET /agenda-ajout1.php?mdp=@murat HTTP/1.1" 200 64075 www.cercle-amelie-murat.org "-" "Mozilla/5.0 (Macintosh; Intel Mac OS X 10_15_4) AppleWebKit/605.1.15 (KHTML, like Gecko) Version/13.1 Safari/605.1.15" "-"
37.167.79.0 - - [25/Sep/2022:06:39:54 +0200] "GET /agenda.php?mdp=@murat HTTP/1.1" 200 2438 www.cercle-amelie-murat.org "-" "Mozilla/5.0 (Macintosh; Intel Mac OS X 10_15_4) AppleWebKit/605.1.15 (KHTML, like Gecko) Version/13.1 Safari/605.1.15" "-"
37.167.79.0 - - [25/Sep/2022:06:39:54 +0200] "GET /liste_mailing.php?mdp=@murat HTTP/1.1" 200 2982 www.cercle-amelie-murat.org "-" "Mozilla/5.0 (Macintosh; Intel Mac OS X 10_15_4) AppleWebKit/605.1.15 (KHTML, like Gecko) Version/13.1 Safari/605.1.15" "-"
37.167.79.0 - - [25/Sep/2022:06:39:54 +0200] "GET /liste_totale.php?mdp=@murat HTTP/1.1" 200 47050 www.cercle-amelie-murat.org "-" "Mozilla/5.0 (Macintosh; Intel Mac OS X 10_15_4) AppleWebKit/605.1.15 (KHTML, like Gecko) Version/13.1 Safari/605.1.15" "-"
173.252.83.0 - - [25/Sep/2022:06:57:22 +0200] "GET /herisson_2016_1.jpg HTTP/1.1" 200 296193 www.cercle-amelie-murat.org "-" "facebookexternalhit/1.1 (+http://www.facebook.com/externalhit_uatext.php)" "-"
157.55.39.0 - - [25/Sep/2022:07:47:35 +0200] "GET /sommaire_prix.htm HTTP/1.1" 302 237 www.cercle-amelie-murat.org "-" "Mozilla/5.0 (compatible; bingbot/2.0; +http://www.bing.com/bingbot.htm)" "-"
157.55.39.0 - - [25/Sep/2022:07:47:36 +0200] "GET /sommaire_prix.htm HTTP/1.1" 200 1553 www.cercle-amelie-murat.org "-" "Mozilla/5.0 (compatible; bingbot/2.0; +http://www.bing.com/bingbot.htm)" "-"
37.46.128.0 - - [25/Sep/2022:08:07:12 +0200] "GET /wp-login.php HTTP/1.1" 302 232 cercle-amelie-murat.org "-" "Mozilla/5.0 (Windows NT 10.0; Win64; x64; rv:96.0) Gecko/20100101 Firefox/96" "-"
37.46.128.0 - - [25/Sep/2022:08:07:24 +0200] "GET /wp-login.php HTTP/1.1" 404 837 www.cercle-amelie-murat.org "http://cercle-amelie-murat.org/wp-login.php" "Mozilla/5.0 (Windows NT 10.0; Win64; x64; rv:96.0) Gecko/20100101 Firefox/96" "-"
157.55.39.0 - - [25/Sep/2022:08:30:28 +0200] "GET /robots.txt HTTP/1.1" 404 837 cercle-amelie-murat.org "-" "Mozilla/5.0 (compatible; bingbot/2.0; +http://www.bing.com/bingbot.htm)" "-"
207.46.13.0 - - [25/Sep/2022:08:30:31 +0200] "GET /sommaire.htm HTTP/1.1" 200 4025 cercle-amelie-murat.org "-" "Mozilla/5.0 (compatible; bingbot/2.0; +http://www.bing.com/bingbot.htm)" "-"
54.36.148.0 - - [25/Sep/2022:08:42:55 +0200] "GET /robots.txt HTTP/1.1" 404 837 cercle-amelie-murat.org "-" "Mozilla/5.0 (compatible; AhrefsBot/7.0; +http://ahrefs.com/robot/)" "-"
54.36.148.0 - - [25/Sep/2022:08:42:57 +0200] "GET / HTTP/1.1" 200 3110 cercle-amelie-murat.org "-" "Mozilla/5.0 (compatible; AhrefsBot/7.0; +http://ahrefs.com/robot/)" "-"
157.55.39.0 - - [25/Sep/2022:09:45:41 +0200] "GET /simeon_altitude.htm HTTP/1.1" 200 1479 www.cercle-amelie-murat.org "-" "Mozilla/5.0 (compatible; bingbot/2.0; +http://www.bing.com/bingbot.htm)" "-"
61.135.159.0 - - [25/Sep/2022:09:50:01 +0200] "GET / HTTP/1.1" 302 220 www.cercle-amelie-murat.org "-" "Sogou web spider/4.0(+http://www.sogou.com/docs/help/webmasters.htm#07)" "-"
61.135.159.0 - - [25/Sep/2022:09:54:14 +0200] "GET / HTTP/1.1" 200 3110 www.cercle-amelie-murat.org "-" "Sogou web spider/4.0(+http://www.sogou.com/docs/help/webmasters.htm#07)" "-"
184.154.139.0 - - [25/Sep/2022:09:57:06 +0200] "GET / HTTP/1.1" 302 220 www.cercle-amelie-murat.org "http://www.google.com/url?url=www.cercle-amelie-murat.org&yahoo.com" "Mozilla/5.0 (compatible; MSIE 9.0; Windows NT 6.1; WOW64; Trident/6.0)" "-"
184.154.139.0 - - [25/Sep/2022:09:57:07 +0200] "GET / HTTP/1.1" 200 3110 www.cercle-amelie-murat.org "http://www.google.com/url?url=www.cercle-amelie-murat.org&yahoo.com" "Mozilla/5.0 (compatible; MSIE 9.0; Windows NT 6.1; WOW64; Trident/6.0)" "-"
184.154.139.0 - - [25/Sep/2022:09:57:07 +0200] "GET /th1s_1s_a_4o4.html HTTP/1.1" 404 837 www.cercle-amelie-murat.org "-" "SiteLockSpider [en] (WinNT; I ;Nav)" "-"
184.154.139.0 - - [25/Sep/2022:09:57:08 +0200] "GET /2018_prix_murat.htm HTTP/1.1" 200 1872 www.cercle-amelie-murat.org "-" "SiteLockSpider [en] (WinNT; I ;Nav)" "-"
184.154.139.0 - - [25/Sep/2022:09:57:08 +0200] "GET /brunhes_jean-pierre.htm HTTP/1.1" 200 11577 www.cercle-amelie-murat.org "-" "SiteLockSpider [en] (WinNT; I ;Nav)" "-"
184.154.139.0 - - [25/Sep/2022:09:57:09 +0200] "GET /meckler_georges.htm HTTP/1.1" 200 4334 www.cercle-amelie-murat.org "-" "SiteLockSpider [en] (WinNT; I ;Nav)" "-"
184.154.139.0 - - [25/Sep/2022:09:57:09 +0200] "GET /aide_informatique.htm HTTP/1.1" 200 5924 www.cercle-amelie-murat.org "-" "SiteLockSpider [en] (WinNT; I ;Nav)" "-"
184.154.139.0 - - [25/Sep/2022:09:57:10 +0200] "GET /delmas_serge.htm HTTP/1.1" 200 2320 www.cercle-amelie-murat.org "-" "SiteLockSpider [en] (WinNT; I ;Nav)" "-"
184.154.139.0 - - [25/Sep/2022:09:57:10 +0200] "GET /voix.htm HTTP/1.1" 200 2404 www.cercle-amelie-murat.org "-" "SiteLockSpider [en] (WinNT; I ;Nav)" "-"
184.154.139.0 - - [25/Sep/2022:09:57:11 +0200] "GET /gaille_renee.htm HTTP/1.1" 200 2886 www.cercle-amelie-murat.org "-" "SiteLockSpider [en] (WinNT; I ;Nav)" "-"
184.154.139.0 - - [25/Sep/2022:09:57:11 +0200] "GET /diffusion.htm HTTP/1.1" 200 1220 www.cercle-amelie-murat.org "-" "SiteLockSpider [en] (WinNT; I ;Nav)" "-"
184.154.139.0 - - [25/Sep/2022:09:57:12 +0200] "GET /demange_claire.htm HTTP/1.1" 200 5477 www.cercle-amelie-murat.org "-" "SiteLockSpider [en] (WinNT; I ;Nav)" "-"
184.154.139.0 - - [25/Sep/2022:09:57:12 +0200] "GET /2013-12-10_vision_visage.htm HTTP/1.1" 200 1719 www.cercle-amelie-murat.org "-" "SiteLockSpider [en] (WinNT; I ;Nav)" "-"
184.154.139.0 - - [25/Sep/2022:09:57:13 +0200] "GET /stylemurat.css HTTP/1.1" 200 2113 www.cercle-amelie-murat.org "-" "SiteLockSpider [en] (WinNT; I ;Nav)" "-"
184.154.139.0 - - [25/Sep/2022:09:57:13 +0200] "GET /sommaire.htm HTTP/1.1" 200 4025 www.cercle-amelie-murat.org "-" "SiteLockSpider [en] (WinNT; I ;Nav)" "-"
184.154.139.0 - - [25/Sep/2022:09:57:14 +0200] "GET /manifestations.htm HTTP/1.1" 200 6839 www.cercle-amelie-murat.org "-" "SiteLockSpider [en] (WinNT; I ;Nav)" "-"
184.154.139.0 - - [25/Sep/2022:09:57:15 +0200] "GET /forum.php HTTP/1.1" 200 8391 www.cercle-amelie-murat.org "-" "SiteLockSpider [en] (WinNT; I ;Nav)" "-"
184.154.139.0 - - [25/Sep/2022:09:57:15 +0200] "GET /agenda.php HTTP/1.1" 200 2444 www.cercle-amelie-murat.org "-" "SiteLockSpider [en] (WinNT; I ;Nav)" "-"
184.154.139.0 - - [25/Sep/2022:09:57:16 +0200] "GET /membres.htm HTTP/1.1" 200 1997 www.cercle-amelie-murat.org "-" "SiteLockSpider [en] (WinNT; I ;Nav)" "-"
184.154.139.0 - - [25/Sep/2022:09:57:16 +0200] "GET /fernandez_claude.htm HTTP/1.1" 200 3290 www.cercle-amelie-murat.org "-" "SiteLockSpider [en] (WinNT; I ;Nav)" "-"
184.154.139.0 - - [25/Sep/2022:09:57:17 +0200] "GET /boudon_daniele.htm HTTP/1.1" 200 3342 www.cercle-amelie-murat.org "-" "SiteLockSpider [en] (WinNT; I ;Nav)" "-"
184.154.139.0 - - [25/Sep/2022:09:57:17 +0200] "GET /mdp1.php HTTP/1.1" 200 716 www.cercle-amelie-murat.org "-" "SiteLockSpider [en] (WinNT; I ;Nav)" "-"
213.180.203.0 - - [25/Sep/2022:10:25:21 +0200] "GET /robots.txt HTTP/1.1" 404 837 www.cercle-amelie-murat.org "-" "Mozilla/5.0 (compatible; YandexBot/3.0; +http://yandex.com/bots)" "-"
95.108.213.0 - - [25/Sep/2022:10:25:25 +0200] "GET /2013-05-05_prix_murat.htm HTTP/1.1" 200 1471 www.cercle-amelie-murat.org "-" "Mozilla/5.0 (compatible; YandexBot/3.0; +http://yandex.com/bots)" "-"
149.28.82.0 - - [25/Sep/2022:10:29:49 +0200] "GET / HTTP/1.1" 302 220 cercle-amelie-murat.org "-" "=Mozilla/5.0 (Macintosh; Intel Mac OS X 10_9_3) AppleWebKit/537.36 (KHTML, like Gecko) Chrome/35.0.1916.47 Safari/537.36" "-"
149.28.82.0 - - [25/Sep/2022:10:36:05 +0200] "GET / HTTP/1.1" 200 3110 www.cercle-amelie-murat.org "-" "=Mozilla/5.0 (Macintosh; Intel Mac OS X 10_9_3) AppleWebKit/537.36 (KHTML, like Gecko) Chrome/35.0.1916.47 Safari/537.36" "-"
54.36.148.0 - - [25/Sep/2022:10:47:11 +0200] "GET /robots.txt HTTP/1.1" 404 837 www.cercle-amelie-murat.org "-" "Mozilla/5.0 (compatible; AhrefsBot/7.0; +http://ahrefs.com/robot/)" "-"
54.36.148.0 - - [25/Sep/2022:10:47:12 +0200] "GET / HTTP/1.1" 200 3110 www.cercle-amelie-murat.org "-" "Mozilla/5.0 (compatible; AhrefsBot/7.0; +http://ahrefs.com/robot/)" "-"
51.222.253.0 - - [25/Sep/2022:11:11:56 +0200] "GET /robots.txt HTTP/1.1" 302 230 www.cercle-amelie-murat.org "-" "Mozilla/5.0 (compatible; AhrefsBot/7.0; +http://ahrefs.com/robot/)" "-"
51.222.253.0 - - [25/Sep/2022:11:11:56 +0200] "GET /robots.txt HTTP/1.1" 404 837 www.cercle-amelie-murat.org "-" "Mozilla/5.0 (compatible; AhrefsBot/7.0; +http://ahrefs.com/robot/)" "-"
49.7.20.0 - - [25/Sep/2022:11:25:17 +0200] "GET / HTTP/1.1" 302 220 cercle-amelie-murat.org "-" "Sogou web spider/4.0(+http://www.sogou.com/docs/help/webmasters.htm#07)" "-"
114.119.129.0 - - [25/Sep/2022:11:32:31 +0200] "GET /2017_aydat.htm HTTP/1.1" 302 234 cercle-amelie-murat.org "http://cercle-amelie-murat.org/manifestations.htm" "Mozilla/5.0 (Linux; Android 7.0;) AppleWebKit/537.36 (KHTML, like Gecko) Mobile Safari/537.36 (compatible; PetalBot;+https://webmaster.petalsearch.com/site/petalbot)" "-"
114.119.129.0 - - [25/Sep/2022:11:32:34 +0200] "GET /2017_aydat.htm HTTP/1.1" 200 1807 www.cercle-amelie-murat.org "http://cercle-amelie-murat.org/manifestations.htm" "Mozilla/5.0 (Linux; Android 7.0;) AppleWebKit/537.36 (KHTML, like Gecko) Mobile Safari/537.36 (compatible; PetalBot;+https://webmaster.petalsearch.com/site/petalbot)" "-"
54.36.148.0 - - [25/Sep/2022:11:42:35 +0200] "GET /bibliographie.htm HTTP/1.1" 200 1115 www.cercle-amelie-murat.org "-" "Mozilla/5.0 (compatible; AhrefsBot/7.0; +http://ahrefs.com/robot/)" "-"
157.55.39.0 - - [25/Sep/2022:11:53:29 +0200] "GET /membres.htm HTTP/1.1" 304 - www.cercle-amelie-murat.org "-" "Mozilla/5.0 (compatible; bingbot/2.0; +http://www.bing.com/bingbot.htm)" "-"
41.216.188.0 - - [25/Sep/2022:11:55:10 +0200] "GET //wp-admin/admin-post.php?local-download=../../../etc/passwd&local-destination-id=../../../etc/passwd HTTP/1.1" 302 323 cercle-amelie-murat.org "www.google.com" "Mozlila/5.0 (Linux; Android 7.0; SM-G892A Bulid/NRD90M; wv) AppleWebKit/537.36 (KHTML, like Gecko) Version/4.0 Chrome/60.0.3112.107 Moblie Safari/537.36" "-"
41.216.188.0 - - [25/Sep/2022:11:55:13 +0200] "GET /wp-admin/admin-post.php?local-download=../../../etc/passwd&local-destination-id=../../../etc/passwd HTTP/1.1" 404 837 www.cercle-amelie-murat.org "www.google.com" "Mozlila/5.0 (Linux; Android 7.0; SM-G892A Bulid/NRD90M; wv) AppleWebKit/537.36 (KHTML, like Gecko) Version/4.0 Chrome/60.0.3112.107 Moblie Safari/537.36" "-"
42.236.10.0 - - [25/Sep/2022:12:17:49 +0200] "GET / HTTP/1.1" 200 3110 www.cercle-amelie-murat.org "https://www.cercle-amelie-murat.org/" "Mozilla/5.0 (Windows NT 6.1; WOW64) AppleWebKit/537.36 (KHTML, like Gecko) Chrome/50.0.2661.102 Safari/537.36; 360Spider" "-"
54.36.148.0 - - [25/Sep/2022:12:39:26 +0200] "GET /prix-resultats.htm HTTP/1.1" 200 2266 www.cercle-amelie-murat.org "-" "Mozilla/5.0 (compatible; AhrefsBot/7.0; +http://ahrefs.com/robot/)" "-"
34.240.14.0 - - [25/Sep/2022:12:50:00 +0200] "GET /robots.txt HTTP/1.1" 302 230 cercle-amelie-murat.org "-" "Pandalytics/1.0 (https://domainsbot.com/pandalytics/)" "-"
34.240.14.0 - - [25/Sep/2022:12:50:00 +0200] "GET /robots.txt HTTP/1.1" 404 837 www.cercle-amelie-murat.org "-" "Pandalytics/1.0 (https://domainsbot.com/pandalytics/)" "-"
34.240.14.0 - - [25/Sep/2022:12:50:00 +0200] "GET / HTTP/1.1" 302 220 cercle-amelie-murat.org "-" "Pandalytics/1.0 (https://domainsbot.com/pandalytics/)" "-"
34.240.14.0 - - [25/Sep/2022:12:50:00 +0200] "GET / HTTP/1.1" 200 3110 www.cercle-amelie-murat.org "-" "Pandalytics/1.0 (https://domainsbot.com/pandalytics/)" "-"
44.201.95.0 - - [25/Sep/2022:13:19:07 +0200] "GET /robots.txt HTTP/1.1" 302 230 cercle-amelie-murat.org "-" "CCBot/2.0 (https://commoncrawl.org/faq/)" "-"
44.201.95.0 - - [25/Sep/2022:13:19:08 +0200] "GET /robots.txt HTTP/1.1" 404 837 www.cercle-amelie-murat.org "-" "CCBot/2.0 (https://commoncrawl.org/faq/)" "-"
44.201.95.0 - - [25/Sep/2022:13:19:08 +0200] "GET / HTTP/1.1" 302 220 cercle-amelie-murat.org "-" "CCBot/2.0 (https://commoncrawl.org/faq/)" "-"
44.201.95.0 - - [25/Sep/2022:13:19:08 +0200] "GET / HTTP/1.1" 200 3110 www.cercle-amelie-murat.org "-" "CCBot/2.0 (https://commoncrawl.org/faq/)" "-"
54.36.149.0 - - [25/Sep/2022:13:36:30 +0200] "GET /textes-murat-hai-kai.htm HTTP/1.1" 200 2320 www.cercle-amelie-murat.org "-" "Mozilla/5.0 (compatible; AhrefsBot/7.0; +http://ahrefs.com/robot/)" "-"
61.135.159.0 - - [25/Sep/2022:13:52:45 +0200] "GET / HTTP/1.1" 302 220 www.cercle-amelie-murat.org "-" "Sogou web spider/4.0(+http://www.sogou.com/docs/help/webmasters.htm#07)" "-"
61.135.159.0 - - [25/Sep/2022:13:53:46 +0200] "GET / HTTP/1.1" 200 3110 www.cercle-amelie-murat.org "-" "Sogou web spider/4.0(+http://www.sogou.com/docs/help/webmasters.htm#07)" "-"
157.55.39.0 - - [25/Sep/2022:13:55:31 +0200] "GET /robots.txt HTTP/1.1" 404 837 www.cercle-amelie-murat.org "-" "Mozilla/5.0 (compatible; bingbot/2.0; +http://www.bing.com/bingbot.htm)" "-"
157.55.39.0 - - [25/Sep/2022:13:55:40 +0200] "GET /2012-12-01_plaisir.htm HTTP/1.1" 200 8362 www.cercle-amelie-murat.org "-" "Mozilla/5.0 (compatible; bingbot/2.0; +http://www.bing.com/bingbot.htm)" "-"
66.249.66.0 - - [25/Sep/2022:14:02:46 +0200] "GET /2018_prix_murat.htm HTTP/1.1" 200 1872 www.cercle-amelie-murat.org "-" "Mozilla/5.0 (Linux; Android 6.0.1; Nexus 5X Build/MMB29P) AppleWebKit/537.36 (KHTML, like Gecko) Chrome/105.0.5195.125 Mobile Safari/537.36 (compatible; Googlebot/2.1; +http://www.google.com/bot.html)" "-"
51.159.34.0 - - [25/Sep/2022:14:05:57 +0200] "GET /2012-05-08-voix.pdf HTTP/1.1" 200 396804 www.cercle-amelie-murat.org "-" "Mozilla/5.0 (Windows NT 6.3) AppleWebKit/537.36 (KHTML, like Gecko) Chrome/50.0.2677.5 Safari/537.36" "-"
207.46.13.0 - - [25/Sep/2022:14:24:54 +0200] "GET /textes-murat-dedicace.htm HTTP/1.1" 304 - www.cercle-amelie-murat.org "-" "Mozilla/5.0 (compatible; bingbot/2.0; +http://www.bing.com/bingbot.htm)" "-"
88.120.28.0 - - [25/Sep/2022:14:26:08 +0200] "GET /meckler_georges.htm HTTP/1.1" 200 4334 www.cercle-amelie-murat.org "https://www.google.fr/" "Mozilla/5.0 (Windows NT 10.0; Win64; x64) AppleWebKit/537.36 (KHTML, like Gecko) Chrome/105.0.0.0 Safari/537.36" "-"
88.120.28.0 - - [25/Sep/2022:14:26:08 +0200] "GET /stylemurat.css HTTP/1.1" 200 2113 www.cercle-amelie-murat.org "https://www.cercle-amelie-murat.org/meckler_georges.htm" "Mozilla/5.0 (Windows NT 10.0; Win64; x64) AppleWebKit/537.36 (KHTML, like Gecko) Chrome/105.0.0.0 Safari/537.36" "-"
88.120.28.0 - - [25/Sep/2022:14:26:08 +0200] "GET /logomurat-40.png HTTP/1.1" 200 2909 www.cercle-amelie-murat.org "https://www.cercle-amelie-murat.org/meckler_georges.htm" "Mozilla/5.0 (Windows NT 10.0; Win64; x64) AppleWebKit/537.36 (KHTML, like Gecko) Chrome/105.0.0.0 Safari/537.36" "-"
88.120.28.0 - - [25/Sep/2022:14:26:08 +0200] "GET /papier-murat3.gif HTTP/1.1" 200 7096 www.cercle-amelie-murat.org "https://www.cercle-amelie-murat.org/stylemurat.css" "Mozilla/5.0 (Windows NT 10.0; Win64; x64) AppleWebKit/537.36 (KHTML, like Gecko) Chrome/105.0.0.0 Safari/537.36" "-"
88.120.28.0 - - [25/Sep/2022:14:26:09 +0200] "GET /favicon.ico HTTP/1.1" 404 837 www.cercle-amelie-murat.org "https://www.cercle-amelie-murat.org/meckler_georges.htm" "Mozilla/5.0 (Windows NT 10.0; Win64; x64) AppleWebKit/537.36 (KHTML, like Gecko) Chrome/105.0.0.0 Safari/537.36" "-"
88.120.28.0 - - [25/Sep/2022:14:26:15 +0200] "GET /sommaire.htm HTTP/1.1" 200 4025 www.cercle-amelie-murat.org "https://www.cercle-amelie-murat.org/meckler_georges.htm" "Mozilla/5.0 (Windows NT 10.0; Win64; x64) AppleWebKit/537.36 (KHTML, like Gecko) Chrome/105.0.0.0 Safari/537.36" "-"
88.120.28.0 - - [25/Sep/2022:14:26:24 +0200] "GET /forum.php HTTP/1.1" 200 8391 www.cercle-amelie-murat.org "https://www.cercle-amelie-murat.org/sommaire.htm" "Mozilla/5.0 (Windows NT 10.0; Win64; x64) AppleWebKit/537.36 (KHTML, like Gecko) Chrome/105.0.0.0 Safari/537.36" "-"
88.120.28.0 - - [25/Sep/2022:14:26:24 +0200] "GET /nb2.png HTTP/1.1" 200 527 www.cercle-amelie-murat.org "https://www.cercle-amelie-murat.org/forum.php" "Mozilla/5.0 (Windows NT 10.0; Win64; x64) AppleWebKit/537.36 (KHTML, like Gecko) Chrome/105.0.0.0 Safari/537.36" "-"
88.120.28.0 - - [25/Sep/2022:14:26:24 +0200] "GET /nb6.png HTTP/1.1" 200 685 www.cercle-amelie-murat.org "https://www.cercle-amelie-murat.org/forum.php" "Mozilla/5.0 (Windows NT 10.0; Win64; x64) AppleWebKit/537.36 (KHTML, like Gecko) Chrome/105.0.0.0 Safari/537.36" "-"
88.120.28.0 - - [25/Sep/2022:14:26:24 +0200] "GET /nb3.png HTTP/1.1" 200 573 www.cercle-amelie-murat.org "https://www.cercle-amelie-murat.org/forum.php" "Mozilla/5.0 (Windows NT 10.0; Win64; x64) AppleWebKit/537.36 (KHTML, like Gecko) Chrome/105.0.0.0 Safari/537.36" "-"
88.120.28.0 - - [25/Sep/2022:14:26:24 +0200] "GET /nb7.png HTTP/1.1" 200 684 www.cercle-amelie-murat.org "https://www.cercle-amelie-murat.org/forum.php" "Mozilla/5.0 (Windows NT 10.0; Win64; x64) AppleWebKit/537.36 (KHTML, like Gecko) Chrome/105.0.0.0 Safari/537.36" "-"
88.120.28.0 - - [25/Sep/2022:14:26:24 +0200] "GET /nb1.png HTTP/1.1" 200 314 www.cercle-amelie-murat.org "https://www.cercle-amelie-murat.org/forum.php" "Mozilla/5.0 (Windows NT 10.0; Win64; x64) AppleWebKit/537.36 (KHTML, like Gecko) Chrome/105.0.0.0 Safari/537.36" "-"
88.120.28.0 - - [25/Sep/2022:14:27:01 +0200] "GET /agenda.php HTTP/1.1" 200 2444 www.cercle-amelie-murat.org "https://www.cercle-amelie-murat.org/sommaire.htm" "Mozilla/5.0 (Windows NT 10.0; Win64; x64) AppleWebKit/537.36 (KHTML, like Gecko) Chrome/105.0.0.0 Safari/537.36" "-"
88.120.28.0 - - [25/Sep/2022:14:27:19 +0200] "GET /membres.htm HTTP/1.1" 200 1997 www.cercle-amelie-murat.org "https://www.cercle-amelie-murat.org/sommaire.htm" "Mozilla/5.0 (Windows NT 10.0; Win64; x64) AppleWebKit/537.36 (KHTML, like Gecko) Chrome/105.0.0.0 Safari/537.36" "-"
54.36.148.0 - - [25/Sep/2022:14:35:04 +0200] "GET /textes-murat-sommeil-confondu.htm HTTP/1.1" 200 2185 www.cercle-amelie-murat.org "-" "Mozilla/5.0 (compatible; AhrefsBot/7.0; +http://ahrefs.com/robot/)" "-"
92.222.197.0 - - [25/Sep/2022:14:47:40 +0200] "GET /2008-08-16-voix.pdf HTTP/1.1" 200 220705 www.cercle-amelie-murat.org "-" "Mozilla/5.0 (Windows NT 6.1; WOW64; rv:51.0) Gecko/20100101 Firefox/51.0" "-"
165.1.169.0 - - [25/Sep/2022:14:56:48 +0200] "GET / HTTP/1.1" 200 3110 www.cercle-amelie-murat.org "https://www.bing.com/" "Mozilla/5.0 (Windows NT 10.0; Win64; x64) AppleWebKit/537.36 (KHTML, like Gecko) Chrome/105.0.0.0 Safari/537.36 Edg/105.0.1343.42" "-"
165.1.169.0 - - [25/Sep/2022:14:56:48 +0200] "GET /stylemurat.css HTTP/1.1" 200 2113 www.cercle-amelie-murat.org "https://www.cercle-amelie-murat.org/" "Mozilla/5.0 (Windows NT 10.0; Win64; x64) AppleWebKit/537.36 (KHTML, like Gecko) Chrome/105.0.0.0 Safari/537.36 Edg/105.0.1343.42" "-"
165.1.169.0 - - [25/Sep/2022:14:56:48 +0200] "GET /image_accueil_cercle_250.jpg HTTP/1.1" 200 104691 www.cercle-amelie-murat.org "https://www.cercle-amelie-murat.org/" "Mozilla/5.0 (Windows NT 10.0; Win64; x64) AppleWebKit/537.36 (KHTML, like Gecko) Chrome/105.0.0.0 Safari/537.36 Edg/105.0.1343.42" "-"
165.1.169.0 - - [25/Sep/2022:14:56:48 +0200] "GET /poesie_vivante_violet.png HTTP/1.1" 200 11045 www.cercle-amelie-murat.org "https://www.cercle-amelie-murat.org/" "Mozilla/5.0 (Windows NT 10.0; Win64; x64) AppleWebKit/537.36 (KHTML, like Gecko) Chrome/105.0.0.0 Safari/537.36 Edg/105.0.1343.42" "-"
165.1.169.0 - - [25/Sep/2022:14:56:48 +0200] "GET /papier-murat3.gif HTTP/1.1" 200 7096 www.cercle-amelie-murat.org "https://www.cercle-amelie-murat.org/stylemurat.css" "Mozilla/5.0 (Windows NT 10.0; Win64; x64) AppleWebKit/537.36 (KHTML, like Gecko) Chrome/105.0.0.0 Safari/537.36 Edg/105.0.1343.42" "-"
165.1.169.0 - - [25/Sep/2022:14:56:48 +0200] "GET /favicon.ico HTTP/1.1" 404 837 www.cercle-amelie-murat.org "https://www.cercle-amelie-murat.org/" "Mozilla/5.0 (Windows NT 10.0; Win64; x64) AppleWebKit/537.36 (KHTML, like Gecko) Chrome/105.0.0.0 Safari/537.36 Edg/105.0.1343.42" "-"
165.1.169.0 - - [25/Sep/2022:14:56:58 +0200] "GET /sommaire.htm HTTP/1.1" 200 4025 www.cercle-amelie-murat.org "https://www.cercle-amelie-murat.org/" "Mozilla/5.0 (Windows NT 10.0; Win64; x64) AppleWebKit/537.36 (KHTML, like Gecko) Chrome/105.0.0.0 Safari/537.36 Edg/105.0.1343.42" "-"
165.1.169.0 - - [25/Sep/2022:14:56:58 +0200] "GET /logomurat-40.png HTTP/1.1" 200 2909 www.cercle-amelie-murat.org "https://www.cercle-amelie-murat.org/sommaire.htm" "Mozilla/5.0 (Windows NT 10.0; Win64; x64) AppleWebKit/537.36 (KHTML, like Gecko) Chrome/105.0.0.0 Safari/537.36 Edg/105.0.1343.42" "-"
165.1.169.0 - - [25/Sep/2022:14:57:05 +0200] "GET /sommaire_prix.htm HTTP/1.1" 200 1553 www.cercle-amelie-murat.org "https://www.cercle-amelie-murat.org/sommaire.htm" "Mozilla/5.0 (Windows NT 10.0; Win64; x64) AppleWebKit/537.36 (KHTML, like Gecko) Chrome/105.0.0.0 Safari/537.36 Edg/105.0.1343.42" "-"
165.1.169.0 - - [25/Sep/2022:14:57:10 +0200] "GET /agenda.php HTTP/1.1" 200 2444 www.cercle-amelie-murat.org "https://www.cercle-amelie-murat.org/sommaire.htm" "Mozilla/5.0 (Windows NT 10.0; Win64; x64) AppleWebKit/537.36 (KHTML, like Gecko) Chrome/105.0.0.0 Safari/537.36 Edg/105.0.1343.42" "-"
